   ▲ Next.js 15.5.19
   - Local:        http://localhost:3000
   - Network:      http://192.168.161.128:3000
   - Environments: .env.local

 ✓ Starting...
 ✓ Ready in 9.4s
 ○ Compiling /middleware ...
 ✓ Compiled /middleware in 720ms (158 modules)
 ○ Compiling /blog ...
 ✓ Compiled /blog in 7.3s (898 modules)
 GET /blog 200 in 14203ms
 GET /blog/is-nigeria-customs-recruitment-free 200 in 14868ms
 GET /blog 200 in 2707ms
 ○ Compiling /_not-found ...
 ✓ Compiled /_not-found in 1261ms (869 modules)
 GET /flutter_service_worker.js?v=1.0.0 404 in 2376ms
 GET /blog 200 in 3418ms
 GET /flutter_service_worker.js?v=1.0.0 404 in 81ms
 ○ Compiling /blog/[slug] ...
 ✓ Compiled /blog/[slug] in 731ms (631 modules)
 GET /blog/what-are-the-requirements-for-nigeria-customs-recruitment 200 in 8390ms
 GET /blog/what-are-the-requirements-for-nigeria-customs-recruitment 200 in 8612ms
 GET /blog/what-are-the-requirements-for-nigeria-customs-recruitment 200 in 11645ms
 ○ Compiling /api/track-view ...
 ✓ Compiled /api/track-view in 6s (938 modules)
 POST /api/track-view 200 in 14150ms
 POST /api/track-view 200 in 14175ms
 GET /blog/what-are-the-requirements-for-nigeria-customs-recruitment 200 in 5254ms
 ✓ Compiled in 2.9s (938 modules)
 GET /blog/what-are-the-requirements-for-nigeria-customs-recruitment 200 in 11045ms
 GET /blog 200 in 3773ms
 GET /blog/is-nigeria-customs-recruitment-free 200 in 4320ms
 ✓ Compiled in 5.5s (913 modules)
 GET /blog 200 in 5452ms
 ✓ Compiled in 3.4s (913 modules)
 GET /blog 200 in 10850ms
 GET /blog/what-are-the-requirements-for-nigeria-customs-recruitment 200 in 2751ms
 ✓ Compiled in 9.8s (915 modules)
 GET /blog 200 in 15559ms
 ○ Compiling /_not-found ...
 ✓ Compiled /_not-found in 1370ms (906 modules)
 GET /flutter_service_worker.js?v=1.0.0 404 in 1781ms
 GET /blog 200 in 2889ms
 GET /blog 200 in 2165ms
 GET /flutter_service_worker.js?v=1.0.0 404 in 252ms
 GET /blog/common-nigerian-army-document-mistakes 200 in 1944ms
 ○ Compiling /api/track-view ...
 ✓ Compiled /api/track-view in 2.7s (658 modules)
 POST /api/track-view 200 in 4575ms
 POST /api/track-view 200 in 4588ms
 GET /blog/common-nigerian-army-document-mistakes 200 in 4525ms
 GET /blog 200 in 1834ms
 GET /flutter_service_worker.js?v=1.0.0 404 in 224ms
 GET /blog/common-nigerian-army-document-mistakes 200 in 2120ms
 GET /blog/common-nigerian-army-document-mistakes 200 in 3318ms
 POST /api/track-view 200 in 2511ms
 POST /api/track-view 200 in 2585ms
 GET /blog/dssc-recruitment-requirements-and-preparation 200 in 2226ms
 GET /blog/dssc-recruitment-requirements-and-preparation 200 in 2445ms
 GET /blog/federal-fire-service-recruitment-preparation-guide 200 in 3491ms
 GET /blog/federal-fire-service-recruitment-preparation-guide 200 in 7354ms
 GET /blog 200 in 5460ms
 GET /flutter_service_worker.js?v=1.0.0 404 in 2074ms
 GET /blog/frsc-recruitment-screening-preparation-guide 200 in 5909ms
 GET /blog/frsc-recruitment-screening-preparation-guide 200 in 2425ms
 GET /blog/how-to-check-if-nigeria-immigration-recruitment-is-official 200 in 3834ms
 GET /blog/how-to-check-if-nigeria-immigration-recruitment-is-official 200 in 3124ms
 GET /blog 200 in 5407ms
 GET /flutter_service_worker.js?v=1.0.0 404 in 497ms
 GET /blog/how-to-check-if-nscdc-recruitment-is-official 200 in 18464ms
 GET /blog 200 in 3808ms
 GET /blog 200 in 1131ms
 ○ Compiling /admin ...
 ✓ Compiled /_not-found in 79.3s (1099 modules)
 GET /script.js 404 in 68610ms
 GET /styles.css 404 in 70256ms
 GET /index.html 404 in 70271ms
 GET /blog 200 in 21720ms
 GET /blog/what-physical-standards-are-required-for-naf-recruitment 200 in 106541ms
 GET /blog 200 in 21184ms
 GET /flutter_service_worker.js?v=1.0.0 404 in 4340ms
 ○ Compiling /api/track-view ...
 ✓ Compiled /api/track-view in 3.9s (658 modules)
 POST /api/track-view 200 in 8398ms
 GET /blog/how-to-check-if-nscdc-recruitment-is-official 200 in 8571ms
 GET /blog/how-to-pass-nigeria-police-aptitude-test-with-better-preparation 200 in 5952ms
 GET /blog 200 in 6745ms
 GET /blog/how-to-pass-nigeria-police-aptitude-test-with-better-preparation 200 in 5298ms
 GET /blog 200 in 6396ms
 GET /flutter_service_worker.js?v=1.0.0 404 in 645ms
 GET /blog 200 in 2410ms
 GET /blog/how-to-prepare-for-nda-entrance-exam 200 in 4171ms
 GET /blog/how-to-prepare-for-nda-entrance-exam 200 in 5459ms
 GET /blog/how-to-prepare-for-a-nigerian-navy-interview 200 in 5238ms
 GET /blog/how-to-prepare-for-a-nigerian-navy-interview 200 in 2428ms
 GET /blog 200 in 4188ms
 GET /flutter_service_worker.js?v=1.0.0 404 in 800ms
 GET /blog 200 in 2058ms
 GET /flutter_service_worker.js?v=1.0.0 404 in 236ms
 GET /blog/how-to-prepare-for-nigerian-navy-aptitude-test 200 in 7042ms
 GET /blog/how-to-prepare-for-nigerian-navy-aptitude-test 200 in 5553ms
 GET /blog 200 in 42063ms
 GET /flutter_service_worker.js?v=1.0.0 404 in 559ms
 GET /blog/how-to-check-if-federal-fire-service-recruitment-is-official 200 in 4765ms
 GET /blog/how-to-check-if-federal-fire-service-recruitment-is-official 200 in 3330ms
 GET /blog/how-to-prepare-for-dssc-screening-without-last-minute-rush 200 in 3885ms
 GET /blog/how-to-prepare-for-dssc-screening-without-last-minute-rush 200 in 3172ms
 GET /blog 200 in 3604ms
 GET /flutter_service_worker.js?v=1.0.0 404 in 219ms
 GET /blog/how-to-prepare-for-nigeria-immigration-screening-without-mistakes 200 in 3531ms
 GET /blog/how-to-prepare-for-nigeria-immigration-screening-without-mistakes 200 in 4695ms
 GET /blog 200 in 4385ms
 GET /blog 200 in 1475ms
 GET /blog/is-frsc-recruitment-free 200 in 7099ms
 GET /blog/is-frsc-recruitment-free 200 in 3648ms
 GET /blog 200 in 6282ms
 GET /blog/what-are-the-requirements-for-nigerian-navy-recruitment 200 in 7186ms
 GET /blog/what-are-the-requirements-for-nigerian-navy-recruitment 200 in 4012ms
 GET /blog 200 in 6634ms
 GET /blog/what-are-the-requirements-for-nscdc-recruitment 200 in 4298ms
 GET /blog 200 in 2144ms
 GET /blog/what-are-the-requirements-for-nscdc-recruitment 200 in 1848ms
 POST /api/track-view 200 in 2109ms
 POST /api/track-view 200 in 2119ms
 GET /blog/what-are-the-requirements-for-nscdc-recruitment 200 in 1680ms
 GET /blog/what-are-the-requirements-for-nigerian-navy-recruitment 200 in 2026ms
 POST /api/track-view 200 in 495ms
 POST /api/track-view 200 in 614ms
 POST /api/track-view 200 in 726ms
 POST /api/track-view 200 in 678ms
 GET /blog/what-to-do-while-waiting-for-nda-admission-process 200 in 7497ms
 GET /blog/what-to-do-while-waiting-for-nda-admission-process 200 in 7683ms
 GET /blog 200 in 22864ms
 GET /blog 200 in 7320ms
 GET /blog/what-to-do-after-applying-for-nigeria-customs-recruitment 200 in 6846ms
 GET /blog/what-to-do-after-applying-for-nigeria-customs-recruitment 200 in 4973ms
 GET /blog 200 in 3445ms
 GET /blog/how-to-prepare-for-nscdc-screening-without-last-minute-stress 200 in 8030ms
 GET /blog/how-to-prepare-for-nscdc-screening-without-last-minute-stress 200 in 4211ms
 GET /blog 200 in 3628ms
 GET /blog/nigeria-immigration-recruitment-requirements-guide 200 in 5825ms
 GET /blog/nigeria-immigration-recruitment-requirements-guide 200 in 3621ms
 GET /blog/what-physical-standards-are-required-for-naf-recruitment 200 in 6859ms
 POST /api/track-view 200 in 2814ms
 GET /blog 200 in 11235ms
 GET /blog 200 in 20981ms
 GET /blog/nigeria-police-physical-screening-preparation 200 in 6682ms
 GET /blog/nigeria-police-physical-screening-preparation 200 in 16649ms
 GET /blog/nigeria-police-physical-screening-preparation 200 in 2620ms
 GET /blog 200 in 11841ms
 GET /blog/nigerian-air-force-interview-preparation-guide 200 in 6346ms
 GET /blog/nigerian-air-force-interview-preparation-guide 200 in 14002ms
 GET /blog/nigerian-air-force-interview-preparation-guide 200 in 6233ms
 GET /blog 200 in 5708ms
 GET /blog/what-are-the-requirements-for-frsc-recruitment 200 in 5032ms
 GET /blog/what-are-the-requirements-for-frsc-recruitment 200 in 6360ms
 GET /blog/what-are-the-requirements-for-frsc-recruitment 200 in 4308ms
 GET /blog/what-are-the-requirements-for-frsc-recruitment 200 in 5988ms
